
  OPENSWMM ENGINE - VERSION 6.0.0-alpha.2
  -------------------------------------------
  2D Surface Routing — Complete Example
  Demonstrates every implemented [2D_*] input section.
  
  ****************
  Analysis Options
  ****************
  Flow Units ............... CMS
  Process Models:
    Rainfall/Runoff ........ NO
    RDII ................... NO
    Snowmelt ............... NO
    Groundwater ............ NO
    Flow Routing ........... YES
    Ponding Allowed ........ NO
    Water Quality .......... NO
  Flow Routing Method ...... DYNWAVE
  Surcharge Method ......... EXTRAN
  Node Continuity .......... EXPLICIT
  Anderson Acceleration .... NO
  Starting Date ............ 01/01/2024 00:00:00
  Ending Date .............. 01/01/2024 06:00:00
  Antecedent Dry Days ...... 0.0
  Report Time Step ......... 00:05:00
  Routing Time Step ........ 15.00 sec
  Variable Time Step ....... YES
  Maximum Trials ........... 8
  Number of Threads ........ 1
  Head Tolerance ........... 0.005000 ft
  
  
  **************************        Volume         Depth
  Runoff Quantity Continuity     hectare-m            mm
  **************************     ---------       -------
  Total Precipitation ......         0.000         0.000
  Evaporation Loss .........         0.000         0.000
  Infiltration Loss ........         0.000         0.000
  Surface Runoff ...........         0.000         0.000
  Final Storage ............         0.000         0.000
  Continuity Error (%) .....         0.000
  
  
  **************************        Volume        Volume
  Flow Routing Continuity        hectare-m      10^6 ltr
  **************************     ---------     ---------
  Dry Weather Inflow .......         0.000         0.000
  Wet Weather Inflow .......         0.000         0.000
  Groundwater Inflow .......         0.000         0.000
  RDII Inflow ..............         0.000         0.000
  External Inflow ..........         0.000         0.000
  External Outflow .........         0.000         0.000
  Flooding Loss ............         0.000         0.000
  Evaporation Loss .........         0.000         0.000
  Exfiltration Loss ........         0.000         0.000
  Initial Stored Volume ....         0.000         0.000
  Final Stored Volume ......         0.000         0.000
  Continuity Error (%) .....        -1.051
  
  
  **************************        Volume        Volume
  2D Surface Routing Continuity  cubic meters      10^6 ltr
  **************************     ---------     ---------
  Initial Stored Volume ....         0.000         0.000
  Rainfall Inflow ..........         0.333         0.000
  1D -> 2D Spill Inflow ....         0.000         0.000
  Outfall Inflow ...........         0.000         0.000
  Boundary Inflow ..........         0.000         0.000
  2D -> 1D Drain Outflow ...         0.207         0.000
  Boundary Outflow .........         0.000         0.000
  Evaporation Loss .........         0.000         0.000
  Final Stored Volume ......         0.128         0.000
  Continuity Error (%) .....        -0.507
  
  
  *************************
  Highest Continuity Errors
  *************************
  Node J1 (-0.36%)
  
  
  ***************************
  Time-Step Critical Elements
  ***************************
  None
  
  
  ********************************
  Highest Flow Instability Indexes
  ********************************
  All links are stable.
  
  
  *********************************
  Most Frequent Nonconverging Nodes
  *********************************
  Convergence obtained at all time steps.
  
  
  *************************
  Routing Time Step Summary
  *************************
  Minimum Time Step           :     0.50 sec
  Average Time Step           :    14.99 sec
  Maximum Time Step           :    15.00 sec
  % of Time in Steady State   :     0.00
  Average Iterations per Step :     2.00
  % of Steps Not Converging   :     0.00
  Time Step Frequencies       :
     15.000 -  7.597 sec      :    99.93 %
      7.597 -  3.848 sec      :     0.00 %
      3.848 -  1.949 sec      :     0.00 %
      1.949 -  0.987 sec      :     0.00 %
      0.987 -  0.500 sec      :     0.07 %
  
  
  
  
  
  
  ******************
  Node Depth Summary
  ******************

  ---------------------------------------------------------------------------------
                                 Average  Maximum  Maximum  Time of Max    Reported
                                   Depth    Depth      HGL   Occurrence   Max Depth
  Node                 Type       Meters   Meters   Meters  days hr:min      Meters
  ---------------------------------------------------------------------------------
  J1                   JUNCTION     0.00     0.01    99.01     0  02:05        0.01
  OUT1                 OUTFALL      0.00     0.01    98.01     0  02:05        0.01
  ST1                  STORAGE      0.00     0.00    99.50     0  00:00        0.00
  
  
  *******************
  Node Inflow Summary
  *******************

  -------------------------------------------------------------------------------------------------
                                  Maximum  Maximum                  Lateral       Total        Flow
                                  Lateral    Total  Time of Max      Inflow      Inflow     Balance
                                   Inflow   Inflow   Occurrence      Volume      Volume       Error
  Node                 Type           CMS      CMS  days hr:min    10^6 ltr    10^6 ltr     Percent
  -------------------------------------------------------------------------------------------------
  J1                   JUNCTION     0.000    0.000     0  00:04       0.000       0.000       0.000
  OUT1                 OUTFALL      0.000    0.000     0  02:05       0.000       0.000       0.000
  ST1                  STORAGE      0.000    0.000     0  00:00       0.000       0.000       0.000
  
  
  **********************
  Node Surcharge Summary
  **********************
  
  No nodes were surcharged.
  
  
  *********************
  Node Flooding Summary
  *********************
  
  No nodes were flooded.
  
  
  **********************
  Storage Volume Summary
  **********************

  ------------------------------------------------------------------------------------------------
                         Average    Avg   Evap  Exfil     Maximum    Max    Time of Max    Maximum
                          Volume   Pcnt   Pcnt   Pcnt      Volume   Pcnt     Occurrence    Outflow
  Storage Unit           1000 m3   Full   Loss   Loss     1000 m3   Full    days hr:min        CMS
  ------------------------------------------------------------------------------------------------
  ST1                      0.000    0.0    0.0    0.0       0.000    0.0       0  00:00      0.000
  
  
  ***********************
  Outfall Loading Summary
  ***********************
 
  ----------------------------------------------------------- 
                         Flow       Avg       Max       Total 
                         Freq      Flow      Flow      Volume 
  Outfall Node           Pcnt       CMS       CMS    10^6 ltr 
  -----------------------------------------------------------
  OUT1                   9.02     0.000     0.000       0.000 
  -----------------------------------------------------------
  System                 9.02     0.000     0.000       0.000
  
  
  ********************
  Link Flow Summary
  ********************

  -----------------------------------------------------------------------------
                                 Maximum  Time of Max   Maximum    Max/    Max/
                                  |Flow|   Occurrence   |Veloc|    Full    Full
  Link                 Type          CMS  days hr:min     m/sec    Flow   Depth
  -----------------------------------------------------------------------------
  C1                   CONDUIT     0.000     0  02:05      0.30    0.00    0.03
  C2                   CONDUIT     0.000     0  00:00      0.00    0.00    0.02
  
  
  ***************************
  Flow Classification Summary
  ***************************

  -------------------------------------------------------------------------------------
                      Adjusted    ---------- Fraction of Time in Flow Class ---------- 
                       /Actual         Up    Down  Sub   Sup   Up    Down  Norm  Inlet 
  Conduit               Length    Dry  Dry   Dry   Crit  Crit  Crit  Crit  Ltd   Ctrl  
  -------------------------------------------------------------------------------------
  C1                      1.00   0.00  0.00  0.00  0.71  0.28  0.00  0.00  0.00  0.00
  C2                      1.00   0.18  0.82  0.00  0.00  0.00  0.00  0.00  0.00  0.00
  
  *************************
  Conduit Surcharge Summary
  *************************
  
  No conduits were surcharged.
  
  

  Analysis begun on:  Sun Jun 14 02:40:14 2026
  Analysis ended on:  Sun Jun 14 02:40:14 2026
  Total elapsed time: < 1 sec
